// Jest Snapshot v1, https://goo.gl/fbAQLP

exports[`Test suite for Regions should render and match snapshot 1`] = `
<div>
  <div>
    <p
      class="MuiTypography-root WithStyles(ForwardRef(Typography))-root-2 MuiTypography-body1 MuiTypography-gutterBottom"
      id="non-linear-slider"
    >
      Select region
    </p>
    <div
      class="MuiInputBase-root MuiInput-root MuiInput-underline"
      data-testid="drop-down"
    >
      <div
        aria-haspopup="listbox"
        class="MuiSelect-root MuiSelect-select Regions-select-1 MuiSelect-selectMenu MuiInputBase-input MuiInput-input"
        role="button"
        tabindex="0"
      >
        Select region
      </div>
      <input
        aria-hidden="true"
        class="MuiSelect-nativeInput"
        tabindex="-1"
        value=""
      />
      <svg
        aria-hidden="true"
        class="MuiSvgIcon-root MuiSelect-icon"
        focusable="false"
        viewBox="0 0 24 24"
      >
        <path
          d="M7 10l5 5 5-5z"
        />
      </svg>
    </div>
  </div>
</div>
`;
